▲ Next.js 16.2.6 (Turbopack)
- Local:         http://localhost:3000
- Network:       http://192.168.1.26:3000
- Environments: .env.local
✓ Ready in 260ms

 GET /dashboard 200 in 799ms (next.js: 404ms, application-code: 394ms)
 GET /dashboard 200 in 227ms (next.js: 33ms, application-code: 194ms)
 GET /dashboard 200 in 158ms (next.js: 3ms, application-code: 154ms)
 GET /dashboard 200 in 133ms (next.js: 5ms, application-code: 128ms)
 GET /dashboard 200 in 135ms (next.js: 23ms, application-code: 113ms)
 GET /dashboard 200 in 138ms (next.js: 42ms, application-code: 96ms)
 GET /dashboard 200 in 141ms (next.js: 60ms, application-code: 81ms)
 GET /dashboard 200 in 123ms (next.js: 3ms, application-code: 120ms)
 GET /dashboard 200 in 198ms (next.js: 30ms, application-code: 169ms)
 GET /dashboard 200 in 125ms (next.js: 3ms, application-code: 122ms)
 GET /dashboard 200 in 102ms (next.js: 4ms, application-code: 98ms)
 GET /dashboard 200 in 102ms (next.js: 41ms, application-code: 60ms)
 GET /dashboard 200 in 102ms (next.js: 60ms, application-code: 42ms)
 GET /dashboard 200 in 104ms (next.js: 22ms, application-code: 82ms)
 GET /dashboard 200 in 115ms (next.js: 3ms, application-code: 112ms)
 GET /dashboard 200 in 197ms (next.js: 27ms, application-code: 171ms)
 GET /dashboard 200 in 132ms (next.js: 3ms, application-code: 129ms)
 GET /dashboard 200 in 108ms (next.js: 4ms, application-code: 104ms)
 GET /dashboard 200 in 108ms (next.js: 38ms, application-code: 70ms)
 GET /dashboard 200 in 110ms (next.js: 21ms, application-code: 89ms)
 GET /dashboard 200 in 110ms (next.js: 56ms, application-code: 54ms)
✓ Compiled in 102.6s
 GET /dashboard 200 in 212ms (next.js: 29ms, application-code: 183ms)
 GET /dashboard 200 in 148ms (next.js: 3ms, application-code: 146ms)
 GET /dashboard 200 in 104ms (next.js: 41ms, application-code: 63ms)
 GET /dashboard 200 in 106ms (next.js: 23ms, application-code: 82ms)
 GET /dashboard 200 in 108ms (next.js: 4ms, application-code: 104ms)
 GET /dashboard 200 in 108ms (next.js: 59ms, application-code: 49ms)
 GET /dashboard 200 in 108ms (next.js: 3ms, application-code: 105ms)
 GET /calendar 200 in 126ms (next.js: 21ms, application-code: 106ms)
 GET /calendar 200 in 89ms (next.js: 32ms, application-code: 57ms)
✓ Compiled in 82.7s
 GET /calendar 200 in 141ms (next.js: 3ms, application-code: 138ms)
 GET /calendar 200 in 178ms (next.js: 53ms, application-code: 125ms)
 GET /calendar 200 in 74ms (next.js: 21ms, application-code: 53ms)
 GET /calendar 200 in 140ms (next.js: 25ms, application-code: 115ms)
 GET /calendar 200 in 51ms (next.js: 3ms, application-code: 48ms)
 GET /calendar 200 in 27ms (next.js: 2ms, application-code: 25ms)
 GET /dashboard 200 in 149ms (next.js: 6ms, application-code: 143ms)
 GET /calendar 200 in 93ms (next.js: 3ms, application-code: 91ms)
 GET / 200 in 159ms (next.js: 24ms, application-code: 135ms)
[?25h
