[     102ms] [INFO] %cDownload the React DevTools for a better development experience: https://react.dev/link/react-devtools font-weight:bold @ http://localhost:3000/_next/static/chunks/07vw_next_dist_13_qw0k._.js:2477
[     416ms] [LOG] [HMR] connected @ http://localhost:3000/_next/static/chunks/07vw_next_dist_13_qw0k._.js:2477
[   59153ms] [LOG] [Fast Refresh] rebuilding @ http://localhost:3000/_next/static/chunks/07vw_next_dist_13_qw0k._.js:2477
[  274240ms] [VERBOSE] [DOM] Password field is not contained in a form: (More info: https://goo.gl/9p2vKq) @ http://localhost:3000/settings/system:0
[  274241ms] [VERBOSE] [DOM] Password field is not contained in a form: (More info: https://goo.gl/9p2vKq) @ http://localhost:3000/settings/system:0
[  274241ms] [VERBOSE] [DOM] Password field is not contained in a form: (More info: https://goo.gl/9p2vKq) @ http://localhost:3000/settings/system:0
[  274241ms] [VERBOSE] [DOM] Password field is not contained in a form: (More info: https://goo.gl/9p2vKq) %o @ http://localhost:3000/settings/system:0
[  274241ms] [VERBOSE] [DOM] Password field is not contained in a form: (More info: https://goo.gl/9p2vKq) %o @ http://localhost:3000/settings/system:0
[  274241ms] [VERBOSE] [DOM] Password field is not contained in a form: (More info: https://goo.gl/9p2vKq) %o @ http://localhost:3000/settings/system:0
[  398370ms] [VERBOSE] [DOM] Password field is not contained in a form: (More info: https://goo.gl/9p2vKq) @ http://localhost:3000/settings/system:0
[  398370ms] [VERBOSE] [DOM] Password field is not contained in a form: (More info: https://goo.gl/9p2vKq) @ http://localhost:3000/settings/system:0
[  398370ms] [VERBOSE] [DOM] Password field is not contained in a form: (More info: https://goo.gl/9p2vKq) @ http://localhost:3000/settings/system:0
[  398370ms] [VERBOSE] [DOM] Password field is not contained in a form: (More info: https://goo.gl/9p2vKq) %o @ http://localhost:3000/settings/system:0
[  398370ms] [VERBOSE] [DOM] Password field is not contained in a form: (More info: https://goo.gl/9p2vKq) %o @ http://localhost:3000/settings/system:0
[  398370ms] [VERBOSE] [DOM] Password field is not contained in a form: (More info: https://goo.gl/9p2vKq) %o @ http://localhost:3000/settings/system:0
[  404398ms] [VERBOSE] [DOM] Password field is not contained in a form: (More info: https://goo.gl/9p2vKq) @ http://localhost:3000/settings/system:0
[  404398ms] [VERBOSE] [DOM] Password field is not contained in a form: (More info: https://goo.gl/9p2vKq) @ http://localhost:3000/settings/system:0
[  404398ms] [VERBOSE] [DOM] Password field is not contained in a form: (More info: https://goo.gl/9p2vKq) @ http://localhost:3000/settings/system:0
[  404398ms] [VERBOSE] [DOM] Password field is not contained in a form: (More info: https://goo.gl/9p2vKq) %o @ http://localhost:3000/settings/system:0
[  404398ms] [VERBOSE] [DOM] Password field is not contained in a form: (More info: https://goo.gl/9p2vKq) %o @ http://localhost:3000/settings/system:0
[  404398ms] [VERBOSE] [DOM] Password field is not contained in a form: (More info: https://goo.gl/9p2vKq) %o @ http://localhost:3000/settings/system:0
[  510193ms] [ERROR] Failed to load resource: the server responded with a status of 500 (Internal Server Error) @ http://localhost:3000/dashboard?_rsc=baRm8Hg-bKr8antF:0
[  510236ms] [ERROR] Failed to load resource: the server responded with a status of 500 (Internal Server Error) @ http://localhost:3000/dashboard?_rsc=baRm8Hg-bKr8antF:0
[  510389ms] [ERROR] Failed to load resource: the server responded with a status of 500 (Internal Server Error) @ http://localhost:3000/dashboard:0
[  510582ms] [INFO] %cDownload the React DevTools for a better development experience: https://react.dev/link/react-devtools font-weight:bold @ http://localhost:3000/_next/static/chunks/0p2h_react-dom_0vsf22y._.js:15305
[  510636ms] Error: Module [next]/entry/page-loader.ts { PAGE => "[project]/node_modules/.pnpm/next@16.2.6_react-dom@19.2.4_react@19.2.4__react@19.2.4/node_modules/next/app.js [client] (ecmascript)" } [client] (ecmascript) was instantiated because it was required from module [hmr-entry]/hmr-entry.js { ENTRY => "[project]/pages/_app" }, but the module factory is not available.
This is often caused by a stale browser cache, misconfigured Cache-Control headers, or a service worker serving outdated responses.
To fix this, make sure your Cache-Control headers allow revalidation of chunks and review your service worker configuration. As an immediate workaround, try hard-reloading the page, clearing the browser cache, or unregistering any service workers.
    at instantiateModuleShared (http://localhost:3000/_next/static/chunks/turbopack-pages__app_0zkce-q._.js:1272:15)
    at instantiateModule (http://localhost:3000/_next/static/chunks/turbopack-pages__app_0zkce-q._.js:1621:12)
    at getOrInstantiateModuleFromParent (http://localhost:3000/_next/static/chunks/turbopack-pages__app_0zkce-q._.js:1604:12)
    at DevContext.commonJsRequire [as r] (http://localhost:3000/_next/static/chunks/turbopack-pages__app_0zkce-q._.js:299:12)
    at module evaluation (http://localhost:3000/_next/static/chunks/%5Broot-of-the-server%5D__0c0okpg._.js:472:23)
    at http://localhost:3000/_next/static/chunks/turbopack-pages__app_0zkce-q._.js:1307:27
    at runModuleExecutionHooks (http://localhost:3000/_next/static/chunks/turbopack-pages__app_0zkce-q._.js:1636:13)
    at instantiateModuleShared (http://localhost:3000/_next/static/chunks/turbopack-pages__app_0zkce-q._.js:1305:9)
    at instantiateModule (http://localhost:3000/_next/static/chunks/turbopack-pages__app_0zkce-q._.js:1621:12)
    at getOrInstantiateRuntimeModule (http://localhost:3000/_next/static/chunks/turbopack-pages__app_0zkce-q._.js:1582:12)
    at Object.registerChunk (http://localhost:3000/_next/static/chunks/turbopack-pages__app_0zkce-q._.js:1988:21)
[  510636ms] Error: Module [next]/entry/page-loader.ts { PAGE => "[project]/node_modules/.pnpm/next@16.2.6_@babel+core@7.2_40a7effce8bcad24669d45809ebe449e/node_modules/next/dist/pages/_error.js [client] (ecmascript)" } [client] (ecmascript) was instantiated because it was required from module [hmr-entry]/hmr-entry.js { ENTRY => "[project]/pages/_error" }, but the module factory is not available.
This is often caused by a stale browser cache, misconfigured Cache-Control headers, or a service worker serving outdated responses.
To fix this, make sure your Cache-Control headers allow revalidation of chunks and review your service worker configuration. As an immediate workaround, try hard-reloading the page, clearing the browser cache, or unregistering any service workers.
    at instantiateModuleShared (http://localhost:3000/_next/static/chunks/turbopack-pages__app_0zkce-q._.js:1272:15)
    at instantiateModule (http://localhost:3000/_next/static/chunks/turbopack-pages__app_0zkce-q._.js:1621:12)
    at getOrInstantiateModuleFromParent (http://localhost:3000/_next/static/chunks/turbopack-pages__app_0zkce-q._.js:1604:12)
    at DevContext.commonJsRequire [as r] (http://localhost:3000/_next/static/chunks/turbopack-pages__app_0zkce-q._.js:299:12)
    at module evaluation (http://localhost:3000/_next/static/chunks/%5Broot-of-the-server%5D__01mw43t._.js:472:23)
    at http://localhost:3000/_next/static/chunks/turbopack-pages__app_0zkce-q._.js:1307:27
    at runModuleExecutionHooks (http://localhost:3000/_next/static/chunks/turbopack-pages__app_0zkce-q._.js:1636:13)
    at instantiateModuleShared (http://localhost:3000/_next/static/chunks/turbopack-pages__app_0zkce-q._.js:1305:9)
    at instantiateModule (http://localhost:3000/_next/static/chunks/turbopack-pages__app_0zkce-q._.js:1621:12)
    at getOrInstantiateRuntimeModule (http://localhost:3000/_next/static/chunks/turbopack-pages__app_0zkce-q._.js:1582:12)
    at Object.registerChunk (http://localhost:3000/_next/static/chunks/turbopack-pages__app_0zkce-q._.js:1988:21)
[  510641ms] [ERROR] Failed to load resource: the server responded with a status of 404 (Not Found) @ http://localhost:3000/favicon.ico:0
[  510945ms] [LOG] [HMR] connected @ http://localhost:3000/_next/static/chunks/07vw_next_dist_099~__9._.js:1226
[  510946ms] [WARNING] [HMR] Invalid message: {"type":"isrManifest","data":{"/?_rsc=q3mOO9BClNZHexY7":false,"/dashboard":false,"/":false,"/dashboard?_rsc=baRm8Hg-bKr8antF":false,"/calendar":true,"/settings/system":true,"/settings/brand":true,"/history":true,"/history?_rsc=Li946oHqZ_JX-c9j":false}}
TypeError: Cannot read properties of undefined (reading 'components')
    at handleStaticIndicator (http://localhost:3000/_next/static/chunks/07vw_next_dist_client_0-ljexg._.js:2792:46)
    at processMessage (http://localhost:3000/_next/static/chunks/07vw_next_dist_client_0-ljexg._.js:2806:17)
    at http://localhost:3000/_next/static/chunks/07vw_next_dist_client_0-ljexg._.js:2680:13
    at WebSocket.handleMessage (http://localhost:3000/_next/static/chunks/07vw_next_dist_client_0-ljexg._.js:2325:17) @ http://localhost:3000/_next/static/chunks/07vw_next_dist_099~__9._.js:1226
[  510949ms] [ERROR] ./app/calendar/page.tsx:12:1
Module not found: Can't resolve '@/features/calendar/components/list-view'
  10 | import { DayView } from "@/features/calendar/components/day-view"
  11 | import { EventDialog } from "@/features/calendar/components/event-dialog"
> 12 | import { ListView } from "@/features/calendar/components/list-view"
     | ^^^^^^^^^^^^^^^^^^^^^^^^^^^^^^^^^^^^^^^^^^^^^^^^^^^^^^^^^^^^^^^^^^^
  13 | import { MonthView } from "@/features/calendar/components/month-view"
  14 | import { WeekView } from "@/features/calendar/components/week-view"
  15 | import { Sidebar } from "@/features/navigation/sidebar"

Import map: aliased to relative './features/calendar/components/list-view' inside of [project]/

Import traces:
  Client Component Browser:
    ./app/calendar/page.tsx [Client Component Browser]
    ./app/calendar/page.tsx [Server Component]

  Client Component SSR:
    ./app/calendar/page.tsx [Client Component SSR]
    ./app/calendar/page.tsx [Server Component]

https://nextjs.org/docs/messages/module-not-found @ http://localhost:3000/_next/static/chunks/07vw_next_dist_099~__9._.js:1945
[  552748ms] [WARNING] [HMR] Invalid message: {"type":"isrManifest","data":{"/dashboard":false,"/?_rsc=q3mOO9BClNZHexY7":false,"/":false,"/dashboard?_rsc=baRm8Hg-bKr8antF":false,"/calendar":true,"/settings/system":true,"/settings/brand":true,"/history":true,"/history?_rsc=Li946oHqZ_JX-c9j":false}}
TypeError: Cannot read properties of undefined (reading 'components')
    at handleStaticIndicator (http://localhost:3000/_next/static/chunks/07vw_next_dist_client_0-ljexg._.js:2792:46)
    at processMessage (http://localhost:3000/_next/static/chunks/07vw_next_dist_client_0-ljexg._.js:2806:17)
    at http://localhost:3000/_next/static/chunks/07vw_next_dist_client_0-ljexg._.js:2680:13
    at WebSocket.handleMessage (http://localhost:3000/_next/static/chunks/07vw_next_dist_client_0-ljexg._.js:2325:17) @ http://localhost:3000/_next/static/chunks/07vw_next_dist_099~__9._.js:1226
[  552761ms] [WARNING] [HMR] Invalid message: {"type":"isrManifest","data":{"/":false,"/dashboard":false,"/?_rsc=q3mOO9BClNZHexY7":false,"/dashboard?_rsc=baRm8Hg-bKr8antF":false,"/calendar":true,"/settings/system":true,"/settings/brand":true,"/history":true,"/history?_rsc=Li946oHqZ_JX-c9j":false}}
TypeError: Cannot read properties of undefined (reading 'components')
    at handleStaticIndicator (http://localhost:3000/_next/static/chunks/07vw_next_dist_client_0-ljexg._.js:2792:46)
    at processMessage (http://localhost:3000/_next/static/chunks/07vw_next_dist_client_0-ljexg._.js:2806:17)
    at http://localhost:3000/_next/static/chunks/07vw_next_dist_client_0-ljexg._.js:2680:13
    at WebSocket.handleMessage (http://localhost:3000/_next/static/chunks/07vw_next_dist_client_0-ljexg._.js:2325:17) @ http://localhost:3000/_next/static/chunks/07vw_next_dist_099~__9._.js:1226
[  552776ms] [ERROR] Failed to load resource: the server responded with a status of 500 (Internal Server Error) @ http://localhost:3000/dashboard:0
[  661073ms] [INFO] %cDownload the React DevTools for a better development experience: https://react.dev/link/react-devtools font-weight:bold @ http://localhost:3000/_next/static/chunks/07vw_next_dist_13_qw0k._.js:2477
[  661393ms] [LOG] [HMR] connected @ http://localhost:3000/_next/static/chunks/07vw_next_dist_13_qw0k._.js:2477
[  662945ms] [LOG] [Fast Refresh] rebuilding @ http://localhost:3000/_next/static/chunks/07vw_next_dist_13_qw0k._.js:2477
